// Jest Snapshot v1, https://goo.gl/fbAQLP

exports[`DailyWeather component should render UI as expected 1`] = `
<header
  className="Header-container"
>
  <h1
    className="Header-title"
  >
    Weatherly
  </h1>
  <form
    onSubmit={[Function]}
  >
    <label
      className="App-visually-hidden"
      htmlFor="location"
    >
      Search by City
    </label>
    <input
      id="location"
      name="location"
      onChange={[Function]}
      placeholder="Search by City"
      type="search"
    />
    <button
      name="submitCity"
      type="submit"
    >
      Search
    </button>
  </form>
  <h2 />
</header>
`;
