// Jest Snapshot v1, https://goo.gl/fbAQLP

exports[`DailyWeather component should render UI as expected 1`] = `
<div
  className="DailyWeather-container"
>
  <div
    className="DailyWeather-temp"
  >
    <h3>
       Weather
    </h3>
    <p>
      as of 10:00pm
    </p>
    <p>
      91
    </p>
    <p>
      Partly Cloudy
    </p>
  </div>
  <div
    className="DailyWeather-icon"
  >
    <h3>
      Weather Icon
    </h3>
    <p>
      Hi-93, Lo-75%
    </p>
  </div>
  <div />
</div>
`;
